[t6] scene 1: capture -> Vestige
[t6] vestige smart_ingest -> {"content": [{"text": "{\n  \"decision\": \"create\",\n  \"hasEmbedding\": false,\n  \"importanceScore\": 0.39249999999999996,\n  \"message\": \"Memory created (force_create=true)\",\n  \"nodeId\": \"
[t6] scene 2: double-dose alert
[t6] scene 3: scheduled reminder + sound
[t6] scene 4: Korean voice -> English caption
[t6] ASR (faster-whisper) -> '약 먹을 시간이야.'  ({'source_language': 'ko', 'asr_model': 'faster-whisper base'})
[t6] shim translate -> {"attempted": true, "status_code": 200, "content": "", "elapsed_s": 12.76, "empty": true, "error": null}
[halo-emulator] Recorded 377 frames → artifacts\t6\demo_full_loop.mp4
{
  "translation_not_native": {
    "attempted": true,
    "status_code": 200,
    "content": "",
    "elapsed_s": 12.76,
    "empty": true,
    "error": null
  },
  "scenes": {
    "taken": "artifacts\\t6\\scene1_taken.png",
    "double_dose": "artifacts\\t6\\scene2_double_dose.png",
    "reminder": "artifacts\\t6\\scene3_reminder.png",
    "asr": "artifacts\\t6\\scene4_asr.png",
    "translate": "artifacts\\t6\\scene4_translate.png"
  },
  "vestige_ingest": {
    "content": [
      {
        "text": "{\n  \"decision\": \"create\",\n  \"hasEmbedding\": false,\n  \"importanceScore\": 0.39249999999999996,\n  \"message\": \"Memory created (force_create=true)\",\n  \"nodeId\": \"a48857e0-5fef-408a-ba68-c665a0c9908d\",\n  \"predictionError\": 1.0,\n  \"reason\": \"Forced creation - skipped similarity check\",\n  \"success\": true\n}",
        "type": "text"
      }
    ],
    "isError": false,
    "structuredContent": {
      "decision": "create",
      "hasEmbedding": false,
      "importanceScore": 0.39249999999999996,
      "message": "Memory created (force_create=true)",
      "nodeId": "a48857e0-5fef-408a-ba68-c665a0c9908d",
      "predictionError": 1.0,
      "reason": "Forced creation - skipped similarity check",
      "success": true
    }
  },
  "audio_events": 1,
  "translation": {
    "asr_korean": "약 먹을 시간이야.",
    "asr_meta": {
      "source_language": "ko",
      "asr_model": "faster-whisper base"
    },
    "shim": {
      "attempted": true,
      "status_code": 200,
      "content": "",
      "elapsed_s": 12.76,
      "empty": true,
      "error": null
    }
  },
  "artifacts": {
    "video": "artifacts\\t6\\demo_full_loop.mp4",
    "taken": "artifacts\\t6\\scene1_taken.png",
    "double_dose": "artifacts\\t6\\scene2_double_dose.png",
    "reminder": "artifacts\\t6\\scene3_reminder.png",
    "asr": "artifacts\\t6\\scene4_asr.png",
    "translate": "artifacts\\t6\\scene4_translate.png",
    "audio": "artifacts\\t6\\korean_phrase.wav"
  }
}
Exception ignored in: <function BaseSubprocessTransport.__del__ at 0x00000202C59A0720>
Traceback (most recent call last):
  File "C:\Users\Dachi\AppData\Roaming\uv\python\cpython-3.11-windows-x86_64-none\Lib\asyncio\base_subprocess.py", line 125, in __del__
    _warn(f"unclosed transport {self!r}", ResourceWarning, source=self)
          ^^^^^^^^^^^^^^^^^^^^^^^^^^^^^^
  File "C:\Users\Dachi\AppData\Roaming\uv\python\cpython-3.11-windows-x86_64-none\Lib\asyncio\base_subprocess.py", line 70, in __repr__
    info.append(f'stdin={stdin.pipe}')
                ^^^^^^^^^^^^^^^^^^^^^
  File "C:\Users\Dachi\AppData\Roaming\uv\python\cpython-3.11-windows-x86_64-none\Lib\asyncio\proactor_events.py", line 80, in __repr__
    info.append(f'fd={self._sock.fileno()}')
                      ^^^^^^^^^^^^^^^^^^^
  File "C:\Users\Dachi\AppData\Roaming\uv\python\cpython-3.11-windows-x86_64-none\Lib\asyncio\windows_utils.py", line 102, in fileno
    raise ValueError("I/O operation on closed pipe")
ValueError: I/O operation on closed pipe
Exception ignored in: <function _ProactorBasePipeTransport.__del__ at 0x00000202C59A1F80>
Traceback (most recent call last):
  File "C:\Users\Dachi\AppData\Roaming\uv\python\cpython-3.11-windows-x86_64-none\Lib\asyncio\proactor_events.py", line 116, in __del__
    _warn(f"unclosed transport {self!r}", ResourceWarning, source=self)
          ^^^^^^^^^^^^^^^^^^^^^^^^^^^^^^
  File "C:\Users\Dachi\AppData\Roaming\uv\python\cpython-3.11-windows-x86_64-none\Lib\asyncio\proactor_events.py", line 80, in __repr__
    info.append(f'fd={self._sock.fileno()}')
                      ^^^^^^^^^^^^^^^^^^^
  File "C:\Users\Dachi\AppData\Roaming\uv\python\cpython-3.11-windows-x86_64-none\Lib\asyncio\windows_utils.py", line 102, in fileno
    raise ValueError("I/O operation on closed pipe")
ValueError: I/O operation on closed pipe
Exception ignored in: <function _ProactorBasePipeTransport.__del__ at 0x00000202C59A1F80>
Traceback (most recent call last):
  File "C:\Users\Dachi\AppData\Roaming\uv\python\cpython-3.11-windows-x86_64-none\Lib\asyncio\proactor_events.py", line 116, in __del__
    _warn(f"unclosed transport {self!r}", ResourceWarning, source=self)
          ^^^^^^^^^^^^^^^^^^^^^^^^^^^^^^
  File "C:\Users\Dachi\AppData\Roaming\uv\python\cpython-3.11-windows-x86_64-none\Lib\asyncio\proactor_events.py", line 80, in __repr__
    info.append(f'fd={self._sock.fileno()}')
                      ^^^^^^^^^^^^^^^^^^^
  File "C:\Users\Dachi\AppData\Roaming\uv\python\cpython-3.11-windows-x86_64-none\Lib\asyncio\windows_utils.py", line 102, in fileno
    raise ValueError("I/O operation on closed pipe")
ValueError: I/O operation on closed pipe
Exception ignored in: <function _ProactorBasePipeTransport.__del__ at 0x00000202C59A1F80>
Traceback (most recent call last):
  File "C:\Users\Dachi\AppData\Roaming\uv\python\cpython-3.11-windows-x86_64-none\Lib\asyncio\proactor_events.py", line 116, in __del__
    _warn(f"unclosed transport {self!r}", ResourceWarning, source=self)
          ^^^^^^^^^^^^^^^^^^^^^^^^^^^^^^
  File "C:\Users\Dachi\AppData\Roaming\uv\python\cpython-3.11-windows-x86_64-none\Lib\asyncio\proactor_events.py", line 80, in __repr__
    info.append(f'fd={self._sock.fileno()}')
                      ^^^^^^^^^^^^^^^^^^^
  File "C:\Users\Dachi\AppData\Roaming\uv\python\cpython-3.11-windows-x86_64-none\Lib\asyncio\windows_utils.py", line 102, in fileno
    raise ValueError("I/O operation on closed pipe")
ValueError: I/O operation on closed pipe
